ERC report (2026-05-12T16:45:22, Encoding UTF8)
Report includes: Errors, Warnings

***** Sheet /
[power_pin_not_driven]: Input Power pin not driven by any Output Power pins
    ; error
    @(1100 mils, 1500 mils): Symbol #PWR04 Pin 1 [Power input, Line]
[pin_not_connected]: Pin not connected
    ; error
    @(1400 mils, 2500 mils): Symbol K2 Pin 12 [Passive, Line]
[pin_not_connected]: Pin not connected
    ; error
    @(1400 mils, 4900 mils): Symbol K4 Pin 12 [Passive, Line]
[pin_not_connected]: Pin not connected
    ; error
    @(3350 mils, 2500 mils): Symbol K1 Pin 12 [Passive, Line]
[pin_not_connected]: Pin not connected
    ; error
    @(3350 mils, 4900 mils): Symbol K3 Pin 12 [Passive, Line]
[power_pin_not_driven]: Input Power pin not driven by any Output Power pins
    ; error
    @(8400 mils, 5800 mils): Symbol #PWR01 Pin 1 [Power input, Line]
[power_pin_not_driven]: Input Power pin not driven by any Output Power pins
    ; error
    @(8650 mils, 4450 mils): Symbol #PWR02 Pin 1 [Power input, Line]
[isolated_pin_label]: Label connected to only one pin
    ; warning
    @(8300 mils, 3350 mils): Label 'SPARE'

 ** ERC messages: 8  Errors 7  Warnings 1

 ** Ignored checks:
    - Global label only appears once in the schematic
    - Four connection points are joined together
    - SPICE model issue
    - Assigned footprint doesn't match footprint filters
